To honour the JVM settings for this build a single-use Daemon process will be forked. For more on this, please refer to https://docs.gradle.org/8.10.2/userguide/gradle_daemon.html#sec:disabling_the_daemon in the Gradle documentation.
Daemon will be stopped at the end of the build 

> Configure project :
Architect Plugin: 3.4.164
Architectury Loom: 1.7.435
You are using an outdated version of Architectury Loom! This version will not receive any support, please consider updating!

> Configure project :neoforge
:remapping 2 mods from modImplementation (java-api)
:remapped 2 mods (mojang -> named) in 1.380 s

> Task :common:compileJava
> Task :common:processResources UP-TO-DATE
> Task :common:classes
> Task :common:jar
> Task :common:compileTestJava
> Task :common:processTestResources NO-SOURCE
> Task :common:testClasses
> Task :common:test
> Task :neoforge:compileJava UP-TO-DATE

BUILD SUCCESSFUL in 17s
6 actionable tasks: 4 executed, 2 up-to-date
